// Vitest Snapshot v1, https://vitest.dev/guide/snapshot.html

exports[`virtualHostClass > mp-html case 0 1`] = `
"<view class="_root {{selectable?'_select':''}}" style="{{containerStyle}}">
  <slot wx:if="{{!nodes[0]}}" />
  <node id="_root" childs="{{nodes}}" opts="{{[lazyLoad,loadingImg,errorImg,showImgMenu,selectable]}}" catchadd="_add" />
</view>"
`;

exports[`virtualHostClass > mp-html node case 0 1`] = `
"<wxs module="isInline">var e={abbr:!0,b:!0,big:!0,code:!0,del:!0,em:!0,i:!0,ins:!0,label:!0,q:!0,small:!0,span:!0,strong:!0,sub:!0,sup:!0};module.exports=function(n,i){return e[n]||-1!==(i||"").indexOf("inline")};</wxs>
<template name="el">
  <block wx:if="{{n.name==='img'}}">
    <rich-text wx:if="{{n.t}}" style="display:{{n.t}}" nodes="<img class='_img' style='{{n.attrs.style}}' src='{{n.attrs.src}}'>" data-i="{{i}}" catchtap="imgTap" />
    <block wx:else>
      <image wx:if="{{(opts[1]&&!ctrl[i])||ctrl[i]<0}}" class="_img" style="{{n.attrs.style}}" src="{{ctrl[i]<0?opts[2]:opts[1]}}" mode="widthFix" />
      <image id="{{n.attrs.id}}" class="_img {{n.attrs.class}}" style="{{ctrl[i]===-1?'display:none;':''}}width:{{ctrl[i]||1}}px;height:1px;{{n.attrs.style}}" src="{{n.attrs.src}}" mode="{{!n.h?'widthFix':(!n.w?'heightFix':(n.m||'scaleToFill'))}}" lazy-load="{{opts[0]}}" webp="{{n.webp}}" show-menu-by-longpress="{{opts[3]&&!n.attrs.ignore}}" data-i="{{i}}" bindload="imgLoad" binderror="mediaError" catchtap="imgTap" bindlongpress="noop" />
    </block>
  </block>
  <text wx:elif="{{n.text}}" user-select="{{opts[4]=='force'&&isiOS}}" decode>{{n.text}}</text>
  <text wx:elif="{{n.name==='br'}}">\\n</text>
  <view wx:elif="{{n.name==='a'}}" id="{{n.attrs.id}}" class="{{n.attrs.href?'_a ':''}}{{n.attrs.class}}" hover-class="_hover" style="display:inline;{{n.attrs.style}}" data-i="{{i}}" catchtap="linkTap">
    <node childs="{{n.children}}" opts="{{opts}}" style="display:inherit" />
  </view>
  <video wx:elif="{{n.name==='video'}}" id="{{n.attrs.id}}" class="{{n.attrs.class}}" style="{{n.attrs.style}}" autoplay="{{n.attrs.autoplay}}" controls="{{n.attrs.controls}}" loop="{{n.attrs.loop}}" muted="{{n.attrs.muted}}" object-fit="{{n.attrs['object-fit']}}" poster="{{n.attrs.poster}}" src="{{n.src[ctrl[i]||0]}}" data-i="{{i}}" bindplay="play" binderror="mediaError" />
  <audio wx:elif="{{n.name==='audio'}}" id="{{n.attrs.id}}" class="{{n.attrs.class}}" style="{{n.attrs.style}}" author="{{n.attrs.author}}" controls="{{n.attrs.controls}}" loop="{{n.attrs.loop}}" name="{{n.attrs.name}}" poster="{{n.attrs.poster}}" src="{{n.src[ctrl[i]||0]}}" data-i="{{i}}" bindplay="play" binderror="mediaError" />
  <rich-text wx:else id="{{n.attrs.id}}" style="{{n.f}}" user-select="{{opts[4]}}" nodes="{{[n]}}" />
</template>
<block wx:for="{{childs}}" wx:for-item="n1" wx:for-index="i1" wx:key="i1">
  <template wx:if="{{!n1.c&&(!n1.children||n1.name==='a'||!isInline(n1.name,n1.attrs.style))}}" is="el" data="{{n:n1,i:''+i1,opts:opts,ctrl:ctrl}}" />
  <view wx:else id="{{n1.attrs.id}}" class="_{{n1.name}} {{n1.attrs.class}}" style="{{n1.attrs.style}}">
    <block wx:for="{{n1.children}}" wx:for-item="n2" wx:for-index="i2" wx:key="i2">
      <template wx:if="{{!n2.c&&(!n2.children||n2.name==='a'||!isInline(n2.name,n2.attrs.style))}}" is="el" data="{{n:n2,i:i1+'_'+i2,opts:opts,ctrl:ctrl}}" />
      <view wx:else id="{{n2.attrs.id}}" class="_{{n2.name}} {{n2.attrs.class}}" style="{{n2.attrs.style}}">
        <block wx:for="{{n2.children}}" wx:for-item="n3" wx:for-index="i3" wx:key="i3">
          <template wx:if="{{!n3.c&&(!n3.children||n3.name==='a'||!isInline(n3.name,n3.attrs.style))}}" is="el" data="{{n:n3,i:i1+'_'+i2+'_'+i3,opts:opts,ctrl:ctrl}}" />
          <view wx:else id="{{n3.attrs.id}}" class="_{{n3.name}} {{n3.attrs.class}}" style="{{n3.attrs.style}}">
            <block wx:for="{{n3.children}}" wx:for-item="n4" wx:for-index="i4" wx:key="i4">
              <template wx:if="{{!n4.c&&(!n4.children||n4.name==='a'||!isInline(n4.name,n4.attrs.style))}}" is="el" data="{{n:n4,i:i1+'_'+i2+'_'+i3+'_'+i4,opts:opts,ctrl:ctrl}}" />
              <view wx:else id="{{n4.attrs.id}}" class="_{{n4.name}} {{n4.attrs.class}}" style="{{n4.attrs.style}}">
                <block wx:for="{{n4.children}}" wx:for-item="n5" wx:for-index="i5" wx:key="i5">
                  <template wx:if="{{!n5.c&&(!n5.children||n5.name==='a'||!isInline(n5.name,n5.attrs.style))}}" is="el" data="{{n:n5,i:i1+'_'+i2+'_'+i3+'_'+i4+'_'+i5,opts:opts,ctrl:ctrl}}" />
                  <node wx:else id="{{n5.attrs.id}}" class="_{{n5.name}} {{n5.attrs.class}}" style="{{n5.attrs.style}}" childs="{{n5.children}}" opts="{{opts}}" />
                </block>
              </view>
            </block>
          </view>
        </block>
      </view>
    </block>
  </view>
</block>"
`;

exports[`virtualHostClass > mpx after content double qutos 1`] = `"<view class="after_c_content-_"你好啊，我很无聊"] after:ml-0.5 after:text-red-500"></view>"`;

exports[`virtualHostClass > mpx-tdesign-button case 0 1`] = `
"<import src="../common/template/icon.wxml" />
<wxs src="../common/utils.wxs" module="_" />

<button
  id="{{tId}}"
  style="{{_._style([style, customStyle])}}"
  data-custom="{{ customDataset }}"
  class="class {{className}}"
  form-type="{{disabled || loading ? '' : type}}"
  open-type="{{disabled || loading ? '' : openType}}"
  hover-stop-propagation="{{hoverStopPropagation}}"
  hover-start-time="{{hoverStartTime}}"
  hover-stay-time="{{hoverStayTime}}"
  lang="{{lang}}"
  session-from="{{sessionFrom}}"
  hover-class="{{disabled || loading ? '' : (hoverClass || classPrefix + '--hover')}}"
  send-message-title="{{sendMessageTitle}}"
  send-message-path="{{sendMessagePath}}"
  send-message-img="{{sendMessageImg}}"
  app-parameter="{{appParameter}}"
  show-message-card="{{showMessageCard}}"
  catch:tap="handleTap"
  bind:getuserinfo="getuserinfo"
  bind:contact="contact"
  bind:getphonenumber="getphonenumber"
  bind:error="error"
  bind:opensetting="opensetting"
  bind:launchapp="launchapp"
  bind:chooseavatar="chooseavatar"
  bind:agreeprivacyauthorization="agreeprivacyauthorization"
  aria-label="{{ariaLabel}}"
>
  <template
    wx:if="{{iconName || _.isNoEmptyObj(iconData)}}"
    is="icon"
    data="{{class: classPrefix + '__icon', tClass: prefix + '-class-icon', ariaHidden: true, name: iconName, ...iconData}}"
  />
  <t-loading
    wx:if="{{loading}}"
    delay="{{loadingProps.delay || 0}}"
    duration="{{loadingProps.duration || 800}}"
    indicator="{{loadingProps.indicator || true}}"
    inheritColor="{{loadingProps.inheritColor || true}}"
    layout="{{loadingProps.layout || 'horizontal'}}"
    pause="{{loadingProps.pause || false}}"
    progress="{{loadingProps.progress || 0}}"
    reverse="{{loadingProps.reverse || false}}"
    size="{{loadingProps.size || '40rpx'}}"
    text="{{loadingProps.text || '' }}"
    theme="{{loadingProps.theme || 'circular'}}"
    loading
    t-class="{{classPrefix}}__loading {{classPrefix}}__loading--wrapper"
    t-class-indicator="{{classPrefix}}__loading--indicator {{prefix}}-class-loading"
  />
  <view class="{{classPrefix}}__content">
    <slot name="content" />
    <block>{{content}}</block>
    <slot />
  </view>
  <slot name="suffix" />
</button>
"
`;

exports[`virtualHostClass > mpx-tdesign-button short case 0 1`] = `"<button class="class {{className}}" form-type="{{disabled || loading ? '' : type}}" open-type="{{disabled || loading ? '' : openType}}" hover-class="{{disabled || loading ? '' : (hoverClass || classPrefix + '--hover')}}"></button>"`;

exports[`virtualHostClass > mpx-tdesign-button short case 1 1`] = `"<template name="icon"><t-icon style="{{style || ''}}" class="{{class}}" t-class="{{tClass}}" prefix="{{prefix || ''}}" name="{{name || ''}}" size="{{size || ''}}" color="{{color || ''}}" aria-hidden="{{ariaHidden || '' }}" aria-label="{{ariaLabel || ''}}" aria-role="{{ariaRole || ''}}" bind:click="{{bindclick || ''}}"/></template>"`;

exports[`virtualHostClass > virtualHostClass case 0 1`] = `"<view class="{{[virtualHostClass]}}" style="{{virtualHostStyle}}"><com-a u-s="{{['d']}}" class="text-_red_ text-_30px_" virtualHostClass="text-_red_ text-_30px_" style="background:#d4eb07" virtualHostStyle="background:#d4eb07" u-i="4c6cb2cd-0" bind:__l="__l">11111</com-a></view>"`;

exports[`virtualHostClass > virtualHostClass case 1 1`] = `"<view><com-a u-s="{{['d']}}" class="text-_red_ text-_30px_" style="background:#d4eb07" u-i="4c6cb2cd-0" bind:__l="__l">11111</com-a></view>"`;
