// Jest Snapshot v1, https://goo.gl/fbAQLP

exports[`regexp static node  1`] = `"<view class=\\"p-_bl_20px_br_ -mt-2 mb-_bl_-20px_br_\\">p-[20px] -mt-2 mb-[-20px] margin的jit 不能这么写 -m-[20px]</view><view class=\\"space-y-_bl_1_d_6rem_br_\\"><view class=\\"w-_bl_300rpx_br_ text-black text-opacity-_bl_0_d_19_br_\\">w-[300rpx] text-black text-opacity-[0.19]</view><view class=\\"min-w-_bl_300rpx_br_ max-h-_bl_100px_br_ text-_bl_20px_br_ leading-_bl_0_d_9_br_\\">min-w-[300rpx] max-h-[100px] text-[20px] leading-[0.9]</view><view class=\\"max-w-_bl_300rpx_br_ min-h-_bl_100px_br_ text-_bl__h_dddddd_br_\\">max-w-[300rpx] min-h-[100px] text-[#dddddd]</view><view class=\\"flex items-center justify-center h-_bl_100px_br_ w-_bl_100px_br_ rounded-_bl_40px_br_ bg-_bl__h_123456_br_ bg-opacity-_bl_0_d_54_br_ text-_bl__h_ffffff_br_\\">Hello</view><view class=\\"border-_bl_10px_br_ border-_bl__h_098765_br_ border-solid border-opacity-_bl_0_d_44_br_\\">border-[10px] border-[#098765] border-solid border-opacity-[0.44]</view><view class=\\"grid grid-cols-3 divide-x-_bl_10px_br_ divide-_bl__h_010101_br_ divide-solid\\"><view>1</view><view>2</view><view>3</view></view></view><view class=\\"test\\">test</view>"`;

exports[`regexp static node = self 1`] = `"<view class=\\"p-[20px] -mt-2 mb-[-20px]\\">p-[20px] -mt-2 mb-[-20px] margin的jit 不能这么写 -m-[20px]</view><view class=\\"space-y-[1.6rem]\\"><view class=\\"w-[300rpx] text-black text-opacity-[0.19]\\">w-[300rpx] text-black text-opacity-[0.19]</view><view class=\\"min-w-[300rpx] max-h-[100px] text-[20px] leading-[0.9]\\">min-w-[300rpx] max-h-[100px] text-[20px] leading-[0.9]</view><view class=\\"max-w-[300rpx] min-h-[100px] text-[#dddddd]\\">max-w-[300rpx] min-h-[100px] text-[#dddddd]</view><view class=\\"flex items-center justify-center h-[100px] w-[100px] rounded-[40px] bg-[#123456] bg-opacity-[0.54] text-[#ffffff]\\">Hello</view><view class=\\"border-[10px] border-[#098765] border-solid border-opacity-[0.44]\\">border-[10px] border-[#098765] border-solid border-opacity-[0.44]</view><view class=\\"grid grid-cols-3 divide-x-[10px] divide-[#010101] divide-solid\\"><view>1</view><view>2</view><view>3</view></view></view><view class=\\"test\\">test</view>"`;

exports[`regexp tagStringReplace 1`] = `"<view class=\\"p-_bl_20px_br_ -mt-2 mb-_bl_-20px_br_\\">p-[20px] -mt-2 mb-[-20px] margin的jit 不能这么写 -m-[20px]</view><view class=\\"space-y-_bl_1_d_6rem_br_\\"><view class=\\"w-_bl_300rpx_br_ text-black text-opacity-_bl_0_d_19_br_\\">w-[300rpx] text-black text-opacity-[0.19]</view><view class=\\"min-w-_bl_300rpx_br_ max-h-_bl_100px_br_ text-_bl_20px_br_ leading-_bl_0_d_9_br_\\">min-w-[300rpx] max-h-[100px] text-[20px] leading-[0.9]</view><view class=\\"max-w-_bl_300rpx_br_ min-h-_bl_100px_br_ text-_bl__h_dddddd_br_\\">max-w-[300rpx] min-h-[100px] text-[#dddddd]</view><view class=\\"flex items-center justify-center h-_bl_100px_br_ w-_bl_100px_br_ rounded-_bl_40px_br_ bg-_bl__h_123456_br_ bg-opacity-_bl_0_d_54_br_ text-_bl__h_ffffff_br_\\">Hello</view><view class=\\"border-_bl_10px_br_ border-_bl__h_098765_br_ border-solid border-opacity-_bl_0_d_44_br_\\">border-[10px] border-[#098765] border-solid border-opacity-[0.44]</view><view class=\\"grid grid-cols-3 divide-x-_bl_10px_br_ divide-_bl__h_010101_br_ divide-solid\\"><view>1</view><view>2</view><view>3</view></view></view><view class=\\"test\\">test</view>"`;

exports[`regexp tagStringReplace2 1`] = `"<view class=\\"p-_bl_20px_br_ -mt-2 mb-_bl_-20px_br_\\">p-[20px] -mt-2 mb-[-20px] margin的jit 不能这么写 -m-[20px]</view><view class=\\"space-y-_bl_1_d_6rem_br_\\"><view class=\\"w-_bl_300rpx_br_ text-black text-opacity-_bl_0_d_19_br_\\">w-[300rpx] text-black text-opacity-[0.19]</view><view class=\\"min-w-_bl_300rpx_br_ max-h-_bl_100px_br_ text-_bl_20px_br_ leading-_bl_0_d_9_br_\\">min-w-[300rpx] max-h-[100px] text-[20px] leading-[0.9]</view><view class=\\"max-w-_bl_300rpx_br_ min-h-_bl_100px_br_ text-_bl__h_dddddd_br_\\">max-w-[300rpx] min-h-[100px] text-[#dddddd]</view><view class=\\"flex items-center justify-center h-_bl_100px_br_ w-_bl_100px_br_ rounded-_bl_40px_br_ bg-_bl__h_123456_br_ bg-opacity-_bl_0_d_54_br_ text-_bl__h_ffffff_br_\\">Hello</view><view class=\\"border-_bl_10px_br_ border-_bl__h_098765_br_ border-solid border-opacity-_bl_0_d_44_br_\\">border-[10px] border-[#098765] border-solid border-opacity-[0.44]</view><view class=\\"grid grid-cols-3 divide-x-_bl_10px_br_ divide-_bl__h_010101_br_ divide-solid\\"><view>1</view><view>2</view><view>3</view></view></view><view class=\\"test\\">test</view>"`;
