// Jest Snapshot v1, https://goo.gl/fbAQLP

exports[`wxml isConditionalExpression 1`] = `"{{['flex','flex-col','items-center',flag===1?'bg-red-900':'bg-_l__h_fafa00_r_']}}"`;

exports[`wxml isStringLiteral 1`] = `"{{['som-node__label','data-v-59229c4a','som-org__text-'+(node.align||''),node.active||collapsed?'som-node__label-active':'',d]}}"`;

exports[`wxml nest  1`] = `"{{[flag?'bg-red-900':'bg-_l__h_fafa00_r_',classObject,[flag===true?'bg-_l__h_fafa00_r_':'',true?'text-sm':''],flag?flag===false?'bg-red-900':'bg-_l__h_000_r_':'bg-_l__h_fafa00_r_']}}"`;

exports[`wxml sm:text-3xl dark:text-sky-400 1`] = `"sm_c_text-3xl dark_c_text-slate-200 bg-_l__h_ffffaa_r_"`;

exports[`wxml static node  1`] = `"<view class=\\"p-_l_20px_r_ -mt-2 mb-_l_-20px_r_\\">p-[20px] -mt-2 mb-[-20px] margin的jit 不能这么写 -m-[20px]</view><view class=\\"space-y-_l_1-dot-6rem_r_\\"><view class=\\"w-_l_300rpx_r_ text-black text-opacity-_l_0-dot-19_r_\\">w-[300rpx] text-black text-opacity-[0.19]</view><view class=\\"min-w-_l_300rpx_r_ max-h-_l_100px_r_ text-_l_20px_r_ leading-_l_0-dot-9_r_\\">min-w-[300rpx] max-h-[100px] text-[20px] leading-[0.9]</view><view class=\\"max-w-_l_300rpx_r_ min-h-_l_100px_r_ text-_l__h_dddddd_r_\\">max-w-[300rpx] min-h-[100px] text-[#dddddd]</view><view class=\\"flex items-center justify-center h-_l_100px_r_ w-_l_100px_r_ rounded-_l_40px_r_ bg-_l__h_123456_r_ bg-opacity-_l_0-dot-54_r_ text-_l__h_ffffff_r_\\">Hello</view><view class=\\"border-_l_10px_r_ border-_l__h_098765_r_ border-solid border-opacity-_l_0-dot-44_r_\\">border-[10px] border-[#098765] border-solid border-opacity-[0.44]</view><view class=\\"grid grid-cols-3 divide-x-_l_10px_r_ divide-_l__h_010101_r_ divide-solid\\"><view>1</view><view>2</view><view>3</view></view></view><view class=\\"test\\">test</view>"`;

exports[`wxml static node = self 1`] = `"<view class=\\"p-[20px] -mt-2 mb-[-20px]\\">p-[20px] -mt-2 mb-[-20px] margin的jit 不能这么写 -m-[20px]</view><view class=\\"space-y-[1.6rem]\\"><view class=\\"w-[300rpx] text-black text-opacity-[0.19]\\">w-[300rpx] text-black text-opacity-[0.19]</view><view class=\\"min-w-[300rpx] max-h-[100px] text-[20px] leading-[0.9]\\">min-w-[300rpx] max-h-[100px] text-[20px] leading-[0.9]</view><view class=\\"max-w-[300rpx] min-h-[100px] text-[#dddddd]\\">max-w-[300rpx] min-h-[100px] text-[#dddddd]</view><view class=\\"flex items-center justify-center h-[100px] w-[100px] rounded-[40px] bg-[#123456] bg-opacity-[0.54] text-[#ffffff]\\">Hello</view><view class=\\"border-[10px] border-[#098765] border-solid border-opacity-[0.44]\\">border-[10px] border-[#098765] border-solid border-opacity-[0.44]</view><view class=\\"grid grid-cols-3 divide-x-[10px] divide-[#010101] divide-solid\\"><view>1</view><view>2</view><view>3</view></view></view><view class=\\"test\\">test</view>"`;
