// Vitest Snapshot v1, https://vitest.dev/guide/snapshot.html

exports[`core > scss usage case 1 1`] = `
SourceMap {
  "file": undefined,
  "mappings": "AAAA",
  "names": [],
  "sources": [
    "",
  ],
  "sourcesContent": undefined,
  "version": 3,
}
`;
