// Vitest Snapshot v1, https://vitest.dev/guide/snapshot.html

exports[`getLatestVersion > tailwindcss@3 1`] = `"3.4.17"`;

exports[`getLatestVersion > tailwindcss@latest 1`] = `"3.4.17"`;
