// Jest Snapshot v1, https://goo.gl/fbAQLP

exports[`webpack4 jsx plugin common: entry.js 1`] = `
"/******/ (function(modules) { // webpackBootstrap
/******/ 	// The module cache
/******/ 	var installedModules = {};
/******/
/******/ 	// The require function
/******/ 	function __webpack_require__(moduleId) {
/******/
/******/ 		// Check if module is in cache
/******/ 		if(installedModules[moduleId]) {
/******/ 			return installedModules[moduleId].exports;
/******/ 		}
/******/ 		// Create a new module (and put it into the cache)
/******/ 		var module = installedModules[moduleId] = {
/******/ 			i: moduleId,
/******/ 			l: false,
/******/ 			exports: {}
/******/ 		};
/******/
/******/ 		// Execute the module function
/******/ 		modules[moduleId].call(module.exports, module, module.exports, __webpack_require__);
/******/
/******/ 		// Flag the module as loaded
/******/ 		module.l = true;
/******/
/******/ 		// Return the exports of the module
/******/ 		return module.exports;
/******/ 	}
/******/
/******/
/******/ 	// expose the modules object (__webpack_modules__)
/******/ 	__webpack_require__.m = modules;
/******/
/******/ 	// expose the module cache
/******/ 	__webpack_require__.c = installedModules;
/******/
/******/ 	// define getter function for harmony exports
/******/ 	__webpack_require__.d = function(exports, name, getter) {
/******/ 		if(!__webpack_require__.o(exports, name)) {
/******/ 			Object.defineProperty(exports, name, { enumerable: true, get: getter });
/******/ 		}
/******/ 	};
/******/
/******/ 	// define __esModule on exports
/******/ 	__webpack_require__.r = function(exports) {
/******/ 		if(typeof Symbol !== 'undefined' && Symbol.toStringTag) {
/******/ 			Object.defineProperty(exports, Symbol.toStringTag, { value: 'Module' });
/******/ 		}
/******/ 		Object.defineProperty(exports, '__esModule', { value: true });
/******/ 	};
/******/
/******/ 	// create a fake namespace object
/******/ 	// mode & 1: value is a module id, require it
/******/ 	// mode & 2: merge all properties of value into the ns
/******/ 	// mode & 4: return value when already ns object
/******/ 	// mode & 8|1: behave like require
/******/ 	__webpack_require__.t = function(value, mode) {
/******/ 		if(mode & 1) value = __webpack_require__(value);
/******/ 		if(mode & 8) return value;
/******/ 		if((mode & 4) && typeof value === 'object' && value && value.__esModule) return value;
/******/ 		var ns = Object.create(null);
/******/ 		__webpack_require__.r(ns);
/******/ 		Object.defineProperty(ns, 'default', { enumerable: true, value: value });
/******/ 		if(mode & 2 && typeof value != 'string') for(var key in value) __webpack_require__.d(ns, key, function(key) { return value[key]; }.bind(null, key));
/******/ 		return ns;
/******/ 	};
/******/
/******/ 	// getDefaultExport function for compatibility with non-harmony modules
/******/ 	__webpack_require__.n = function(module) {
/******/ 		var getter = module && module.__esModule ?
/******/ 			function getDefault() { return module['default']; } :
/******/ 			function getModuleExports() { return module; };
/******/ 		__webpack_require__.d(getter, 'a', getter);
/******/ 		return getter;
/******/ 	};
/******/
/******/ 	// Object.prototype.hasOwnProperty.call
/******/ 	__webpack_require__.o = function(object, property) { return Object.prototype.hasOwnProperty.call(object, property); };
/******/
/******/ 	// __webpack_public_path__
/******/ 	__webpack_require__.p = "";
/******/
/******/
/******/ 	// Load entry module and return exports
/******/ 	return __webpack_require__(__webpack_require__.s = "./pages/index.jsx");
/******/ })
/************************************************************************/
/******/ ({

/***/ "./pages/index.css":
/*!*************************!*\\
  !*** ./pages/index.css ***!
  \\*************************/
/*! no static exports found */
/***/ (function(module, exports) {

eval("throw new Error(\\"Module build failed (from D:/github-workspace/weapp-tailwindcss-webpack-plugin/node_modules/.pnpm/postcss-loader@7.0.1_qjv4cptcpse3y5hrjkrbb7drda/node_modules/postcss-loader/dist/cjs.js):\\\\nTypeError: this.getOptions is not a function\\\\n    at Object.loader (D:\\\\\\\\github-workspace\\\\\\\\weapp-tailwindcss-webpack-plugin\\\\\\\\node_modules\\\\\\\\.pnpm\\\\\\\\postcss-loader@7.0.1_qjv4cptcpse3y5hrjkrbb7drda\\\\\\\\node_modules\\\\\\\\postcss-loader\\\\\\\\dist\\\\\\\\index.js:38:24)\\");\\n\\n//# sourceURL=webpack:///./pages/index.css?");

/***/ }),

/***/ "./pages/index.jsx":
/*!*************************!*\\
  !*** ./pages/index.jsx ***!
  \\*************************/
/*! exports provided: default */
/***/ (function(module, __webpack_exports__, __webpack_require__) {

"use strict";
eval("__webpack_require__.r(__webpack_exports__);\\n/* harmony import */ var react__WEBPACK_IMPORTED_MODULE_0__ = __webpack_require__(/*! react */ \\"react\\");\\n/* harmony import */ var react__WEBPACK_IMPORTED_MODULE_0___default = /*#__PURE__*/__webpack_require__.n(react__WEBPACK_IMPORTED_MODULE_0__);\\n/* harmony import */ var _index_css__WEBPACK_IMPORTED_MODULE_1__ = __webpack_require__(/*! ./index.css */ \\"./pages/index.css\\");\\n/* harmony import */ var _index_css__WEBPACK_IMPORTED_MODULE_1___default = /*#__PURE__*/__webpack_require__.n(_index_css__WEBPACK_IMPORTED_MODULE_1__);\\n\\n\\n\\nconst View = props => {\\n  return /*#__PURE__*/React.createElement(\\"div\\", props);\\n};\\n\\nconst Index = () => {\\n  const [flag] = Object(react__WEBPACK_IMPORTED_MODULE_0__[\\"useState\\"])(true);\\n  return /*#__PURE__*/React.createElement(React.Fragment, null, /*#__PURE__*/React.createElement(View, {\\n    className: \\"after_c_border-none after_c_content-_bl__q_Hello_World_q__br_ a\\"\\n  }, \\"after:border-none\\"), /*#__PURE__*/React.createElement(View, {\\n    className: \\"after_c_content-_bl__dq__a__dq__br_ after_c_ml-0_d_5 after_c_text-red-500 b\\"\\n  }, \\"yellow\\"), /*#__PURE__*/React.createElement(View, {\\n    className: \\"after_c_content-_bl__a__br_ after_c_ml-0_d_5 after_c_text-red-500 aspect-w-16\\"\\n  }, /*#__PURE__*/React.createElement(View, null, \\"aspect\\"), /*#__PURE__*/React.createElement(View, null, \\"w\\"), /*#__PURE__*/React.createElement(View, null, \\"16\\")), /*#__PURE__*/React.createElement(View, {\\n    className: \\"bg-gray-100 dark_c_bg-zinc-800 h-10 w-10\\",\\n    hoverClass: \\"bg-red-500 dark_c_bg-green-500\\"\\n  }), /*#__PURE__*/React.createElement(View, {\\n    className: flag ? \\"p-_bl_20px_br_ -mt-2 mb-_bl_-20px_br_ \\" : ''\\n  }, \\"p-[20px] -mt-2 mb-[-20px] margin\\\\u7684jit \\\\u53EF\\\\u4E0D\\\\u80FD\\\\u8FD9\\\\u4E48\\\\u5199 -m-[20px]\\"), /*#__PURE__*/React.createElement(View, {\\n    className: \\"space-y-_bl_1_d_6rem_br_ text-_bl_16px_br_ w-_bl_200_p__br_\\"\\n  }, /*#__PURE__*/React.createElement(View, {\\n    className: \\"w-_bl_300rpx_br_ text-black text-opacity-_bl_0_d_19_br_\\"\\n  }, \\"w-[300rpx] text-black text-opacity-[0.19]\\"), /*#__PURE__*/React.createElement(View, {\\n    className: \\"min-w-_bl_300rpx_br_ max-h-_bl_100px_br_ text-_bl_20px_br_ leading-_bl_0_d_9_br_\\"\\n  }, \\"min-w-[300rpx] max-h-[100px] text-[20px] leading-[0.9]\\"), /*#__PURE__*/React.createElement(View, {\\n    className: \\"max-w-_bl_300rpx_br_ min-h-_bl_100px_br_ text-_bl__h_dddddd_br_\\"\\n  }, \\"max-w-[300rpx] min-h-[100px] text-[#dddddd]\\"), /*#__PURE__*/React.createElement(View, {\\n    className: \\"flex items-center justify-center h-_bl_100px_br_ w-_bl_100px_br_ rounded-_bl_40px_br_ bg-_bl__h_123456_br_ bg-opacity-_bl_0_d_54_br_ text-_bl__h_ffffff_br_\\"\\n  }, \\"Hello\\"), /*#__PURE__*/React.createElement(View, {\\n    className: \\"border-_bl_10px_br_ border-_bl__h_098765_br_ border-solid border-opacity-_bl_0_d_44_br_\\"\\n  }, \\"border-[10px] border-[#098765] border-solid border-opacity-[0.44]\\"), /*#__PURE__*/React.createElement(View, {\\n    className: \\"grid grid-cols-3 divide-x-_bl_10px_br_ divide-_bl__h_010101_br_ divide-solid\\"\\n  }, /*#__PURE__*/React.createElement(View, null, \\"1\\"), /*#__PURE__*/React.createElement(View, null, \\"2\\"), /*#__PURE__*/React.createElement(View, null, \\"3\\")), /*#__PURE__*/React.createElement(View, {\\n    className: \\"w-32 py-2 rounded-md font-semibold text-white bg-pink-500 ring-4 ring-pink-300\\"\\n  }, \\"Default\\")), /*#__PURE__*/React.createElement(View, {\\n    className: \\"test\\"\\n  }, \\"test\\"));\\n};\\n\\n/* harmony default export */ __webpack_exports__[\\"default\\"] = (Index);\\n\\n//# sourceURL=webpack:///./pages/index.jsx?");

/***/ }),

/***/ "react":
/*!************************!*\\
  !*** external "react" ***!
  \\************************/
/*! no static exports found */
/***/ (function(module, exports) {

eval("module.exports = react;\\n\\n//# sourceURL=webpack:///external_%22react%22?");

/***/ })

/******/ });"
`;

exports[`webpack4 jsx plugin common: errors 1`] = `
[
  "ModuleBuildError: Module build failed (from /node_modules/.pnpm/postcss-loader@7.0.1_qjv4cptcpse3y5hrjkrbb7drda/node_modules/postcss-loader/dist/cjs.js):
TypeError: this.getOptions is not a function",
]
`;

exports[`webpack4 jsx plugin common: warnings 1`] = `[]`;

exports[`webpack4 jsx plugin disabled true: entry.js 1`] = `
"/******/ (function(modules) { // webpackBootstrap
/******/ 	// The module cache
/******/ 	var installedModules = {};
/******/
/******/ 	// The require function
/******/ 	function __webpack_require__(moduleId) {
/******/
/******/ 		// Check if module is in cache
/******/ 		if(installedModules[moduleId]) {
/******/ 			return installedModules[moduleId].exports;
/******/ 		}
/******/ 		// Create a new module (and put it into the cache)
/******/ 		var module = installedModules[moduleId] = {
/******/ 			i: moduleId,
/******/ 			l: false,
/******/ 			exports: {}
/******/ 		};
/******/
/******/ 		// Execute the module function
/******/ 		modules[moduleId].call(module.exports, module, module.exports, __webpack_require__);
/******/
/******/ 		// Flag the module as loaded
/******/ 		module.l = true;
/******/
/******/ 		// Return the exports of the module
/******/ 		return module.exports;
/******/ 	}
/******/
/******/
/******/ 	// expose the modules object (__webpack_modules__)
/******/ 	__webpack_require__.m = modules;
/******/
/******/ 	// expose the module cache
/******/ 	__webpack_require__.c = installedModules;
/******/
/******/ 	// define getter function for harmony exports
/******/ 	__webpack_require__.d = function(exports, name, getter) {
/******/ 		if(!__webpack_require__.o(exports, name)) {
/******/ 			Object.defineProperty(exports, name, { enumerable: true, get: getter });
/******/ 		}
/******/ 	};
/******/
/******/ 	// define __esModule on exports
/******/ 	__webpack_require__.r = function(exports) {
/******/ 		if(typeof Symbol !== 'undefined' && Symbol.toStringTag) {
/******/ 			Object.defineProperty(exports, Symbol.toStringTag, { value: 'Module' });
/******/ 		}
/******/ 		Object.defineProperty(exports, '__esModule', { value: true });
/******/ 	};
/******/
/******/ 	// create a fake namespace object
/******/ 	// mode & 1: value is a module id, require it
/******/ 	// mode & 2: merge all properties of value into the ns
/******/ 	// mode & 4: return value when already ns object
/******/ 	// mode & 8|1: behave like require
/******/ 	__webpack_require__.t = function(value, mode) {
/******/ 		if(mode & 1) value = __webpack_require__(value);
/******/ 		if(mode & 8) return value;
/******/ 		if((mode & 4) && typeof value === 'object' && value && value.__esModule) return value;
/******/ 		var ns = Object.create(null);
/******/ 		__webpack_require__.r(ns);
/******/ 		Object.defineProperty(ns, 'default', { enumerable: true, value: value });
/******/ 		if(mode & 2 && typeof value != 'string') for(var key in value) __webpack_require__.d(ns, key, function(key) { return value[key]; }.bind(null, key));
/******/ 		return ns;
/******/ 	};
/******/
/******/ 	// getDefaultExport function for compatibility with non-harmony modules
/******/ 	__webpack_require__.n = function(module) {
/******/ 		var getter = module && module.__esModule ?
/******/ 			function getDefault() { return module['default']; } :
/******/ 			function getModuleExports() { return module; };
/******/ 		__webpack_require__.d(getter, 'a', getter);
/******/ 		return getter;
/******/ 	};
/******/
/******/ 	// Object.prototype.hasOwnProperty.call
/******/ 	__webpack_require__.o = function(object, property) { return Object.prototype.hasOwnProperty.call(object, property); };
/******/
/******/ 	// __webpack_public_path__
/******/ 	__webpack_require__.p = "";
/******/
/******/
/******/ 	// Load entry module and return exports
/******/ 	return __webpack_require__(__webpack_require__.s = "./pages/index.jsx");
/******/ })
/************************************************************************/
/******/ ({

/***/ "./pages/index.css":
/*!*************************!*\\
  !*** ./pages/index.css ***!
  \\*************************/
/*! no static exports found */
/***/ (function(module, exports) {

eval("throw new Error(\\"Module build failed (from D:/github-workspace/weapp-tailwindcss-webpack-plugin/node_modules/.pnpm/postcss-loader@7.0.1_qjv4cptcpse3y5hrjkrbb7drda/node_modules/postcss-loader/dist/cjs.js):\\\\nTypeError: this.getOptions is not a function\\\\n    at Object.loader (D:\\\\\\\\github-workspace\\\\\\\\weapp-tailwindcss-webpack-plugin\\\\\\\\node_modules\\\\\\\\.pnpm\\\\\\\\postcss-loader@7.0.1_qjv4cptcpse3y5hrjkrbb7drda\\\\\\\\node_modules\\\\\\\\postcss-loader\\\\\\\\dist\\\\\\\\index.js:38:24)\\");\\n\\n//# sourceURL=webpack:///./pages/index.css?");

/***/ }),

/***/ "./pages/index.jsx":
/*!*************************!*\\
  !*** ./pages/index.jsx ***!
  \\*************************/
/*! exports provided: default */
/***/ (function(module, __webpack_exports__, __webpack_require__) {

"use strict";
eval("__webpack_require__.r(__webpack_exports__);\\n/* harmony import */ var react__WEBPACK_IMPORTED_MODULE_0__ = __webpack_require__(/*! react */ \\"react\\");\\n/* harmony import */ var react__WEBPACK_IMPORTED_MODULE_0___default = /*#__PURE__*/__webpack_require__.n(react__WEBPACK_IMPORTED_MODULE_0__);\\n/* harmony import */ var _index_css__WEBPACK_IMPORTED_MODULE_1__ = __webpack_require__(/*! ./index.css */ \\"./pages/index.css\\");\\n/* harmony import */ var _index_css__WEBPACK_IMPORTED_MODULE_1___default = /*#__PURE__*/__webpack_require__.n(_index_css__WEBPACK_IMPORTED_MODULE_1__);\\n\\n\\nconst View = props => {\\n  return /*#__PURE__*/React.createElement(\\"div\\", props);\\n};\\nconst Index = () => {\\n  const [flag] = Object(react__WEBPACK_IMPORTED_MODULE_0__[\\"useState\\"])(true);\\n  return /*#__PURE__*/React.createElement(React.Fragment, null, /*#__PURE__*/React.createElement(View, {\\n    className: \\"after:border-none after:content-['Hello_World'] a\\"\\n  }, \\"after:border-none\\"), /*#__PURE__*/React.createElement(View, {\\n    className: \\"after:content-[\\\\\\"*\\\\\\"] after:ml-0.5 after:text-red-500 b\\"\\n  }, \\"yellow\\"), /*#__PURE__*/React.createElement(View, {\\n    className: \\"after:content-[*] after:ml-0.5 after:text-red-500 aspect-w-16\\"\\n  }, /*#__PURE__*/React.createElement(View, null, \\"aspect\\"), /*#__PURE__*/React.createElement(View, null, \\"w\\"), /*#__PURE__*/React.createElement(View, null, \\"16\\")), /*#__PURE__*/React.createElement(View, {\\n    className: \\"bg-gray-100 dark:bg-zinc-800 h-10 w-10\\",\\n    hoverClass: \\"bg-red-500 dark:bg-green-500\\"\\n  }), /*#__PURE__*/React.createElement(View, {\\n    className: flag ? 'p-[20px] -mt-2 mb-[-20px] ' : ''\\n  }, \\"p-[20px] -mt-2 mb-[-20px] margin\\\\u7684jit \\\\u53EF\\\\u4E0D\\\\u80FD\\\\u8FD9\\\\u4E48\\\\u5199 -m-[20px]\\"), /*#__PURE__*/React.createElement(View, {\\n    className: \\"space-y-[1.6rem] text-[16px] w-[200%]\\"\\n  }, /*#__PURE__*/React.createElement(View, {\\n    className: \\"w-[300rpx] text-black text-opacity-[0.19]\\"\\n  }, \\"w-[300rpx] text-black text-opacity-[0.19]\\"), /*#__PURE__*/React.createElement(View, {\\n    className: \\"min-w-[300rpx] max-h-[100px] text-[20px] leading-[0.9]\\"\\n  }, \\"min-w-[300rpx] max-h-[100px] text-[20px] leading-[0.9]\\"), /*#__PURE__*/React.createElement(View, {\\n    className: \\"max-w-[300rpx] min-h-[100px] text-[#dddddd]\\"\\n  }, \\"max-w-[300rpx] min-h-[100px] text-[#dddddd]\\"), /*#__PURE__*/React.createElement(View, {\\n    className: \\"flex items-center justify-center h-[100px] w-[100px] rounded-[40px] bg-[#123456] bg-opacity-[0.54] text-[#ffffff]\\"\\n  }, \\"Hello\\"), /*#__PURE__*/React.createElement(View, {\\n    className: \\"border-[10px] border-[#098765] border-solid border-opacity-[0.44]\\"\\n  }, \\"border-[10px] border-[#098765] border-solid border-opacity-[0.44]\\"), /*#__PURE__*/React.createElement(View, {\\n    className: \\"grid grid-cols-3 divide-x-[10px] divide-[#010101] divide-solid\\"\\n  }, /*#__PURE__*/React.createElement(View, null, \\"1\\"), /*#__PURE__*/React.createElement(View, null, \\"2\\"), /*#__PURE__*/React.createElement(View, null, \\"3\\")), /*#__PURE__*/React.createElement(View, {\\n    className: \\"w-32 py-2 rounded-md font-semibold text-white bg-pink-500 ring-4 ring-pink-300\\"\\n  }, \\"Default\\")), /*#__PURE__*/React.createElement(View, {\\n    className: \\"test\\"\\n  }, \\"test\\"));\\n};\\n/* harmony default export */ __webpack_exports__[\\"default\\"] = (Index);\\n\\n//# sourceURL=webpack:///./pages/index.jsx?");

/***/ }),

/***/ "react":
/*!************************!*\\
  !*** external "react" ***!
  \\************************/
/*! no static exports found */
/***/ (function(module, exports) {

eval("module.exports = react;\\n\\n//# sourceURL=webpack:///external_%22react%22?");

/***/ })

/******/ });"
`;

exports[`webpack4 jsx plugin disabled true: errors 1`] = `
[
  "ModuleBuildError: Module build failed (from /node_modules/.pnpm/postcss-loader@7.0.1_qjv4cptcpse3y5hrjkrbb7drda/node_modules/postcss-loader/dist/cjs.js):
TypeError: this.getOptions is not a function",
]
`;

exports[`webpack4 jsx plugin disabled true: warnings 1`] = `[]`;
