// Jest Snapshot v1, https://goo.gl/fbAQLP

exports[`webpack5 jsx plugin common: entry.js 1`] = `
"/*
 * ATTENTION: The "eval" devtool has been used (maybe by default in mode: "development").
 * This devtool is neither made for production nor for readable output files.
 * It uses "eval()" calls to create a separate source file in the browser devtools.
 * If you are trying to read the output file, select a different devtool (https://webpack.js.org/configuration/devtool/)
 * or disable the default devtool with "devtool: false".
 * If you are looking for production-ready output files, see mode: "production" (https://webpack.js.org/configuration/mode/).
 */
/******/ (() => { // webpackBootstrap
/******/ 	"use strict";
/******/ 	var __webpack_modules__ = ({

/***/ "./pages/index.css":
/*!*************************!*\\
  !*** ./pages/index.css ***!
  \\*************************/
/***/ ((module, __webpack_exports__, __webpack_require__) => {

eval("__webpack_require__.r(__webpack_exports__);\\n/* harmony export */ __webpack_require__.d(__webpack_exports__, {\\n/* harmony export */   \\"default\\": () => (__WEBPACK_DEFAULT_EXPORT__)\\n/* harmony export */ });\\n/* harmony import */ var _node_modules_pnpm_css_loader_6_7_1_webpack_5_74_0_node_modules_css_loader_dist_runtime_noSourceMaps_js__WEBPACK_IMPORTED_MODULE_0__ = __webpack_require__(/*! ../../../../../../node_modules/.pnpm/css-loader@6.7.1_webpack@5.74.0/node_modules/css-loader/dist/runtime/noSourceMaps.js */ \\"../../../../../node_modules/.pnpm/css-loader@6.7.1_webpack@5.74.0/node_modules/css-loader/dist/runtime/noSourceMaps.js\\");\\n/* harmony import */ var _node_modules_pnpm_css_loader_6_7_1_webpack_5_74_0_node_modules_css_loader_dist_runtime_noSourceMaps_js__WEBPACK_IMPORTED_MODULE_0___default = /*#__PURE__*/__webpack_require__.n(_node_modules_pnpm_css_loader_6_7_1_webpack_5_74_0_node_modules_css_loader_dist_runtime_noSourceMaps_js__WEBPACK_IMPORTED_MODULE_0__);\\n/* harmony import */ var _node_modules_pnpm_css_loader_6_7_1_webpack_5_74_0_node_modules_css_loader_dist_runtime_api_js__WEBPACK_IMPORTED_MODULE_1__ = __webpack_require__(/*! ../../../../../../node_modules/.pnpm/css-loader@6.7.1_webpack@5.74.0/node_modules/css-loader/dist/runtime/api.js */ \\"../../../../../node_modules/.pnpm/css-loader@6.7.1_webpack@5.74.0/node_modules/css-loader/dist/runtime/api.js\\");\\n/* harmony import */ var _node_modules_pnpm_css_loader_6_7_1_webpack_5_74_0_node_modules_css_loader_dist_runtime_api_js__WEBPACK_IMPORTED_MODULE_1___default = /*#__PURE__*/__webpack_require__.n(_node_modules_pnpm_css_loader_6_7_1_webpack_5_74_0_node_modules_css_loader_dist_runtime_api_js__WEBPACK_IMPORTED_MODULE_1__);\\n// Imports\\n\\n\\nvar ___CSS_LOADER_EXPORT___ = _node_modules_pnpm_css_loader_6_7_1_webpack_5_74_0_node_modules_css_loader_dist_runtime_api_js__WEBPACK_IMPORTED_MODULE_1___default()((_node_modules_pnpm_css_loader_6_7_1_webpack_5_74_0_node_modules_css_loader_dist_runtime_noSourceMaps_js__WEBPACK_IMPORTED_MODULE_0___default()));\\n// Module\\n___CSS_LOADER_EXPORT___.push([module.id, \\"*, ::before, ::after {\\\\n    --tw-border-spacing-x: 0;\\\\n    --tw-border-spacing-y: 0;\\\\n    --tw-translate-x: 0;\\\\n    --tw-translate-y: 0;\\\\n    --tw-rotate: 0;\\\\n    --tw-skew-x: 0;\\\\n    --tw-skew-y: 0;\\\\n    --tw-scale-x: 1;\\\\n    --tw-scale-y: 1;\\\\n    --tw-pan-x:  ;\\\\n    --tw-pan-y:  ;\\\\n    --tw-pinch-zoom:  ;\\\\n    --tw-scroll-snap-strictness: proximity;\\\\n    --tw-ordinal:  ;\\\\n    --tw-slashed-zero:  ;\\\\n    --tw-numeric-figure:  ;\\\\n    --tw-numeric-spacing:  ;\\\\n    --tw-numeric-fraction:  ;\\\\n    --tw-ring-inset:  ;\\\\n    --tw-ring-offset-width: 0px;\\\\n    --tw-ring-offset-color: #fff;\\\\n    --tw-ring-color: rgb(59 130 246 / 0.5);\\\\n    --tw-ring-offset-shadow: 0 0 #0000;\\\\n    --tw-ring-shadow: 0 0 #0000;\\\\n    --tw-shadow: 0 0 #0000;\\\\n    --tw-shadow-colored: 0 0 #0000;\\\\n    --tw-blur:  ;\\\\n    --tw-brightness:  ;\\\\n    --tw-contrast:  ;\\\\n    --tw-grayscale:  ;\\\\n    --tw-hue-rotate:  ;\\\\n    --tw-invert:  ;\\\\n    --tw-saturate:  ;\\\\n    --tw-sepia:  ;\\\\n    --tw-drop-shadow:  ;\\\\n    --tw-backdrop-blur:  ;\\\\n    --tw-backdrop-brightness:  ;\\\\n    --tw-backdrop-contrast:  ;\\\\n    --tw-backdrop-grayscale:  ;\\\\n    --tw-backdrop-hue-rotate:  ;\\\\n    --tw-backdrop-invert:  ;\\\\n    --tw-backdrop-opacity:  ;\\\\n    --tw-backdrop-saturate:  ;\\\\n    --tw-backdrop-sepia:  \\\\n}\\\\n::backdrop {\\\\n    --tw-border-spacing-x: 0;\\\\n    --tw-border-spacing-y: 0;\\\\n    --tw-translate-x: 0;\\\\n    --tw-translate-y: 0;\\\\n    --tw-rotate: 0;\\\\n    --tw-skew-x: 0;\\\\n    --tw-skew-y: 0;\\\\n    --tw-scale-x: 1;\\\\n    --tw-scale-y: 1;\\\\n    --tw-pan-x:  ;\\\\n    --tw-pan-y:  ;\\\\n    --tw-pinch-zoom:  ;\\\\n    --tw-scroll-snap-strictness: proximity;\\\\n    --tw-ordinal:  ;\\\\n    --tw-slashed-zero:  ;\\\\n    --tw-numeric-figure:  ;\\\\n    --tw-numeric-spacing:  ;\\\\n    --tw-numeric-fraction:  ;\\\\n    --tw-ring-inset:  ;\\\\n    --tw-ring-offset-width: 0px;\\\\n    --tw-ring-offset-color: #fff;\\\\n    --tw-ring-color: rgb(59 130 246 / 0.5);\\\\n    --tw-ring-offset-shadow: 0 0 #0000;\\\\n    --tw-ring-shadow: 0 0 #0000;\\\\n    --tw-shadow: 0 0 #0000;\\\\n    --tw-shadow-colored: 0 0 #0000;\\\\n    --tw-blur:  ;\\\\n    --tw-brightness:  ;\\\\n    --tw-contrast:  ;\\\\n    --tw-grayscale:  ;\\\\n    --tw-hue-rotate:  ;\\\\n    --tw-invert:  ;\\\\n    --tw-saturate:  ;\\\\n    --tw-sepia:  ;\\\\n    --tw-drop-shadow:  ;\\\\n    --tw-backdrop-blur:  ;\\\\n    --tw-backdrop-brightness:  ;\\\\n    --tw-backdrop-contrast:  ;\\\\n    --tw-backdrop-grayscale:  ;\\\\n    --tw-backdrop-hue-rotate:  ;\\\\n    --tw-backdrop-invert:  ;\\\\n    --tw-backdrop-opacity:  ;\\\\n    --tw-backdrop-saturate:  ;\\\\n    --tw-backdrop-sepia:  \\\\n}\\", \\"\\"]);\\n// Exports\\n/* harmony default export */ const __WEBPACK_DEFAULT_EXPORT__ = (___CSS_LOADER_EXPORT___);\\n\\n\\n//# sourceURL=webpack:///./pages/index.css?");

/***/ }),

/***/ "../../../../../node_modules/.pnpm/css-loader@6.7.1_webpack@5.74.0/node_modules/css-loader/dist/runtime/api.js":
/*!*********************************************************************************************************************!*\\
  !*** ../../../../../node_modules/.pnpm/css-loader@6.7.1_webpack@5.74.0/node_modules/css-loader/dist/runtime/api.js ***!
  \\*********************************************************************************************************************/
/***/ ((module) => {

eval("\\n\\n/*\\n  MIT License http://www.opensource.org/licenses/mit-license.php\\n  Author Tobias Koppers @sokra\\n*/\\nmodule.exports = function (cssWithMappingToString) {\\n  var list = []; // return the list of modules as css string\\n\\n  list.toString = function toString() {\\n    return this.map(function (item) {\\n      var content = \\"\\";\\n      var needLayer = typeof item[5] !== \\"undefined\\";\\n      if (item[4]) {\\n        content += \\"@supports (\\".concat(item[4], \\") {\\");\\n      }\\n      if (item[2]) {\\n        content += \\"@media \\".concat(item[2], \\" {\\");\\n      }\\n      if (needLayer) {\\n        content += \\"@layer\\".concat(item[5].length > 0 ? \\" \\".concat(item[5]) : \\"\\", \\" {\\");\\n      }\\n      content += cssWithMappingToString(item);\\n      if (needLayer) {\\n        content += \\"}\\";\\n      }\\n      if (item[2]) {\\n        content += \\"}\\";\\n      }\\n      if (item[4]) {\\n        content += \\"}\\";\\n      }\\n      return content;\\n    }).join(\\"\\");\\n  }; // import a list of modules into the list\\n\\n  list.i = function i(modules, media, dedupe, supports, layer) {\\n    if (typeof modules === \\"string\\") {\\n      modules = [[null, modules, undefined]];\\n    }\\n    var alreadyImportedModules = {};\\n    if (dedupe) {\\n      for (var k = 0; k < this.length; k++) {\\n        var id = this[k][0];\\n        if (id != null) {\\n          alreadyImportedModules[id] = true;\\n        }\\n      }\\n    }\\n    for (var _k = 0; _k < modules.length; _k++) {\\n      var item = [].concat(modules[_k]);\\n      if (dedupe && alreadyImportedModules[item[0]]) {\\n        continue;\\n      }\\n      if (typeof layer !== \\"undefined\\") {\\n        if (typeof item[5] === \\"undefined\\") {\\n          item[5] = layer;\\n        } else {\\n          item[1] = \\"@layer\\".concat(item[5].length > 0 ? \\" \\".concat(item[5]) : \\"\\", \\" {\\").concat(item[1], \\"}\\");\\n          item[5] = layer;\\n        }\\n      }\\n      if (media) {\\n        if (!item[2]) {\\n          item[2] = media;\\n        } else {\\n          item[1] = \\"@media \\".concat(item[2], \\" {\\").concat(item[1], \\"}\\");\\n          item[2] = media;\\n        }\\n      }\\n      if (supports) {\\n        if (!item[4]) {\\n          item[4] = \\"\\".concat(supports);\\n        } else {\\n          item[1] = \\"@supports (\\".concat(item[4], \\") {\\").concat(item[1], \\"}\\");\\n          item[4] = supports;\\n        }\\n      }\\n      list.push(item);\\n    }\\n  };\\n  return list;\\n};\\n\\n//# sourceURL=webpack:///../../../../../node_modules/.pnpm/css-loader@6.7.1_webpack@5.74.0/node_modules/css-loader/dist/runtime/api.js?");

/***/ }),

/***/ "../../../../../node_modules/.pnpm/css-loader@6.7.1_webpack@5.74.0/node_modules/css-loader/dist/runtime/noSourceMaps.js":
/*!******************************************************************************************************************************!*\\
  !*** ../../../../../node_modules/.pnpm/css-loader@6.7.1_webpack@5.74.0/node_modules/css-loader/dist/runtime/noSourceMaps.js ***!
  \\******************************************************************************************************************************/
/***/ ((module) => {

eval("\\n\\nmodule.exports = function (i) {\\n  return i[1];\\n};\\n\\n//# sourceURL=webpack:///../../../../../node_modules/.pnpm/css-loader@6.7.1_webpack@5.74.0/node_modules/css-loader/dist/runtime/noSourceMaps.js?");

/***/ }),

/***/ "./pages/index.jsx":
/*!*************************!*\\
  !*** ./pages/index.jsx ***!
  \\*************************/
/***/ ((__unused_webpack_module, __webpack_exports__, __webpack_require__) => {

eval("__webpack_require__.r(__webpack_exports__);\\n/* harmony export */ __webpack_require__.d(__webpack_exports__, {\\n/* harmony export */   \\"default\\": () => (__WEBPACK_DEFAULT_EXPORT__)\\n/* harmony export */ });\\n/* harmony import */ var react__WEBPACK_IMPORTED_MODULE_0__ = __webpack_require__(/*! react */ \\"react\\");\\n/* harmony import */ var react__WEBPACK_IMPORTED_MODULE_0___default = /*#__PURE__*/__webpack_require__.n(react__WEBPACK_IMPORTED_MODULE_0__);\\n/* harmony import */ var _index_css__WEBPACK_IMPORTED_MODULE_1__ = __webpack_require__(/*! ./index.css */ \\"./pages/index.css\\");\\n\\n\\n\\nconst View = props => {\\n  return /*#__PURE__*/React.createElement(\\"div\\", props);\\n};\\n\\nconst Index = () => {\\n  const [flag] = (0,react__WEBPACK_IMPORTED_MODULE_0__.useState)(true);\\n  return /*#__PURE__*/React.createElement(React.Fragment, null, /*#__PURE__*/React.createElement(View, {\\n    className: \\"after_c_border-none after_c_content-_bl__q_Hello_World_q__br_ a\\"\\n  }, \\"after:border-none\\"), /*#__PURE__*/React.createElement(View, {\\n    className: \\"after_c_content-_bl__dq__a__dq__br_ after_c_ml-0_d_5 after_c_text-red-500 b\\"\\n  }, \\"yellow\\"), /*#__PURE__*/React.createElement(View, {\\n    className: \\"after_c_content-_bl__a__br_ after_c_ml-0_d_5 after_c_text-red-500 aspect-w-16\\"\\n  }, /*#__PURE__*/React.createElement(View, null, \\"aspect\\"), /*#__PURE__*/React.createElement(View, null, \\"w\\"), /*#__PURE__*/React.createElement(View, null, \\"16\\")), /*#__PURE__*/React.createElement(View, {\\n    className: \\"bg-gray-100 dark_c_bg-zinc-800 h-10 w-10\\",\\n    hoverClass: \\"bg-red-500 dark_c_bg-green-500\\"\\n  }), /*#__PURE__*/React.createElement(View, {\\n    className: flag ? \\"p-_bl_20px_br_ -mt-2 mb-_bl_-20px_br_ \\" : ''\\n  }, \\"p-[20px] -mt-2 mb-[-20px] margin\\\\u7684jit \\\\u53EF\\\\u4E0D\\\\u80FD\\\\u8FD9\\\\u4E48\\\\u5199 -m-[20px]\\"), /*#__PURE__*/React.createElement(View, {\\n    className: \\"space-y-_bl_1_d_6rem_br_ text-_bl_16px_br_ w-_bl_200_p__br_\\"\\n  }, /*#__PURE__*/React.createElement(View, {\\n    className: \\"w-_bl_300rpx_br_ text-black text-opacity-_bl_0_d_19_br_\\"\\n  }, \\"w-[300rpx] text-black text-opacity-[0.19]\\"), /*#__PURE__*/React.createElement(View, {\\n    className: \\"min-w-_bl_300rpx_br_ max-h-_bl_100px_br_ text-_bl_20px_br_ leading-_bl_0_d_9_br_\\"\\n  }, \\"min-w-[300rpx] max-h-[100px] text-[20px] leading-[0.9]\\"), /*#__PURE__*/React.createElement(View, {\\n    className: \\"max-w-_bl_300rpx_br_ min-h-_bl_100px_br_ text-_bl__h_dddddd_br_\\"\\n  }, \\"max-w-[300rpx] min-h-[100px] text-[#dddddd]\\"), /*#__PURE__*/React.createElement(View, {\\n    className: \\"flex items-center justify-center h-_bl_100px_br_ w-_bl_100px_br_ rounded-_bl_40px_br_ bg-_bl__h_123456_br_ bg-opacity-_bl_0_d_54_br_ text-_bl__h_ffffff_br_\\"\\n  }, \\"Hello\\"), /*#__PURE__*/React.createElement(View, {\\n    className: \\"border-_bl_10px_br_ border-_bl__h_098765_br_ border-solid border-opacity-_bl_0_d_44_br_\\"\\n  }, \\"border-[10px] border-[#098765] border-solid border-opacity-[0.44]\\"), /*#__PURE__*/React.createElement(View, {\\n    className: \\"grid grid-cols-3 divide-x-_bl_10px_br_ divide-_bl__h_010101_br_ divide-solid\\"\\n  }, /*#__PURE__*/React.createElement(View, null, \\"1\\"), /*#__PURE__*/React.createElement(View, null, \\"2\\"), /*#__PURE__*/React.createElement(View, null, \\"3\\")), /*#__PURE__*/React.createElement(View, {\\n    className: \\"w-32 py-2 rounded-md font-semibold text-white bg-pink-500 ring-4 ring-pink-300\\"\\n  }, \\"Default\\")), /*#__PURE__*/React.createElement(View, {\\n    className: \\"test\\"\\n  }, \\"test\\"));\\n};\\n\\n/* harmony default export */ const __WEBPACK_DEFAULT_EXPORT__ = (Index);\\n\\n//# sourceURL=webpack:///./pages/index.jsx?");

/***/ }),

/***/ "react":
/*!************************!*\\
  !*** external "react" ***!
  \\************************/
/***/ ((module) => {

module.exports = react;

/***/ })

/******/ 	});
/************************************************************************/
/******/ 	// The module cache
/******/ 	var __webpack_module_cache__ = {};
/******/ 	
/******/ 	// The require function
/******/ 	function __webpack_require__(moduleId) {
/******/ 		// Check if module is in cache
/******/ 		var cachedModule = __webpack_module_cache__[moduleId];
/******/ 		if (cachedModule !== undefined) {
/******/ 			return cachedModule.exports;
/******/ 		}
/******/ 		// Create a new module (and put it into the cache)
/******/ 		var module = __webpack_module_cache__[moduleId] = {
/******/ 			id: moduleId,
/******/ 			// no module.loaded needed
/******/ 			exports: {}
/******/ 		};
/******/ 	
/******/ 		// Execute the module function
/******/ 		__webpack_modules__[moduleId](module, module.exports, __webpack_require__);
/******/ 	
/******/ 		// Return the exports of the module
/******/ 		return module.exports;
/******/ 	}
/******/ 	
/************************************************************************/
/******/ 	/* webpack/runtime/compat get default export */
/******/ 	(() => {
/******/ 		// getDefaultExport function for compatibility with non-harmony modules
/******/ 		__webpack_require__.n = (module) => {
/******/ 			var getter = module && module.__esModule ?
/******/ 				() => (module['default']) :
/******/ 				() => (module);
/******/ 			__webpack_require__.d(getter, { a: getter });
/******/ 			return getter;
/******/ 		};
/******/ 	})();
/******/ 	
/******/ 	/* webpack/runtime/define property getters */
/******/ 	(() => {
/******/ 		// define getter functions for harmony exports
/******/ 		__webpack_require__.d = (exports, definition) => {
/******/ 			for(var key in definition) {
/******/ 				if(__webpack_require__.o(definition, key) && !__webpack_require__.o(exports, key)) {
/******/ 					Object.defineProperty(exports, key, { enumerable: true, get: definition[key] });
/******/ 				}
/******/ 			}
/******/ 		};
/******/ 	})();
/******/ 	
/******/ 	/* webpack/runtime/hasOwnProperty shorthand */
/******/ 	(() => {
/******/ 		__webpack_require__.o = (obj, prop) => (Object.prototype.hasOwnProperty.call(obj, prop))
/******/ 	})();
/******/ 	
/******/ 	/* webpack/runtime/make namespace object */
/******/ 	(() => {
/******/ 		// define __esModule on exports
/******/ 		__webpack_require__.r = (exports) => {
/******/ 			if(typeof Symbol !== 'undefined' && Symbol.toStringTag) {
/******/ 				Object.defineProperty(exports, Symbol.toStringTag, { value: 'Module' });
/******/ 			}
/******/ 			Object.defineProperty(exports, '__esModule', { value: true });
/******/ 		};
/******/ 	})();
/******/ 	
/************************************************************************/
/******/ 	
/******/ 	// startup
/******/ 	// Load entry module and return exports
/******/ 	// This entry module can't be inlined because the eval devtool is used.
/******/ 	var __webpack_exports__ = __webpack_require__("./pages/index.jsx");
/******/ 	
/******/ })()
;"
`;

exports[`webpack5 jsx plugin common: errors 1`] = `[]`;

exports[`webpack5 jsx plugin common: warnings 1`] = `[]`;

exports[`webpack5 jsx plugin disabled true: assets 1`] = `
{
  "entry.js": "/*
 * ATTENTION: The "eval" devtool has been used (maybe by default in mode: "development").
 * This devtool is neither made for production nor for readable output files.
 * It uses "eval()" calls to create a separate source file in the browser devtools.
 * If you are trying to read the output file, select a different devtool (https://webpack.js.org/configuration/devtool/)
 * or disable the default devtool with "devtool: false".
 * If you are looking for production-ready output files, see mode: "production" (https://webpack.js.org/configuration/mode/).
 */
/******/ (() => { // webpackBootstrap
/******/ 	"use strict";
/******/ 	var __webpack_modules__ = ({

/***/ "./pages/index.css":
/*!*************************!*\\
  !*** ./pages/index.css ***!
  \\*************************/
/***/ ((module, __webpack_exports__, __webpack_require__) => {

eval("__webpack_require__.r(__webpack_exports__);\\n/* harmony export */ __webpack_require__.d(__webpack_exports__, {\\n/* harmony export */   \\"default\\": () => (__WEBPACK_DEFAULT_EXPORT__)\\n/* harmony export */ });\\n/* harmony import */ var _node_modules_pnpm_css_loader_6_7_1_webpack_5_74_0_node_modules_css_loader_dist_runtime_noSourceMaps_js__WEBPACK_IMPORTED_MODULE_0__ = __webpack_require__(/*! ../../../../../../node_modules/.pnpm/css-loader@6.7.1_webpack@5.74.0/node_modules/css-loader/dist/runtime/noSourceMaps.js */ \\"../../../../../node_modules/.pnpm/css-loader@6.7.1_webpack@5.74.0/node_modules/css-loader/dist/runtime/noSourceMaps.js\\");\\n/* harmony import */ var _node_modules_pnpm_css_loader_6_7_1_webpack_5_74_0_node_modules_css_loader_dist_runtime_noSourceMaps_js__WEBPACK_IMPORTED_MODULE_0___default = /*#__PURE__*/__webpack_require__.n(_node_modules_pnpm_css_loader_6_7_1_webpack_5_74_0_node_modules_css_loader_dist_runtime_noSourceMaps_js__WEBPACK_IMPORTED_MODULE_0__);\\n/* harmony import */ var _node_modules_pnpm_css_loader_6_7_1_webpack_5_74_0_node_modules_css_loader_dist_runtime_api_js__WEBPACK_IMPORTED_MODULE_1__ = __webpack_require__(/*! ../../../../../../node_modules/.pnpm/css-loader@6.7.1_webpack@5.74.0/node_modules/css-loader/dist/runtime/api.js */ \\"../../../../../node_modules/.pnpm/css-loader@6.7.1_webpack@5.74.0/node_modules/css-loader/dist/runtime/api.js\\");\\n/* harmony import */ var _node_modules_pnpm_css_loader_6_7_1_webpack_5_74_0_node_modules_css_loader_dist_runtime_api_js__WEBPACK_IMPORTED_MODULE_1___default = /*#__PURE__*/__webpack_require__.n(_node_modules_pnpm_css_loader_6_7_1_webpack_5_74_0_node_modules_css_loader_dist_runtime_api_js__WEBPACK_IMPORTED_MODULE_1__);\\n// Imports\\n\\n\\nvar ___CSS_LOADER_EXPORT___ = _node_modules_pnpm_css_loader_6_7_1_webpack_5_74_0_node_modules_css_loader_dist_runtime_api_js__WEBPACK_IMPORTED_MODULE_1___default()((_node_modules_pnpm_css_loader_6_7_1_webpack_5_74_0_node_modules_css_loader_dist_runtime_noSourceMaps_js__WEBPACK_IMPORTED_MODULE_0___default()));\\n// Module\\n___CSS_LOADER_EXPORT___.push([module.id, \\"*, ::before, ::after {\\\\n    --tw-border-spacing-x: 0;\\\\n    --tw-border-spacing-y: 0;\\\\n    --tw-translate-x: 0;\\\\n    --tw-translate-y: 0;\\\\n    --tw-rotate: 0;\\\\n    --tw-skew-x: 0;\\\\n    --tw-skew-y: 0;\\\\n    --tw-scale-x: 1;\\\\n    --tw-scale-y: 1;\\\\n    --tw-pan-x:  ;\\\\n    --tw-pan-y:  ;\\\\n    --tw-pinch-zoom:  ;\\\\n    --tw-scroll-snap-strictness: proximity;\\\\n    --tw-ordinal:  ;\\\\n    --tw-slashed-zero:  ;\\\\n    --tw-numeric-figure:  ;\\\\n    --tw-numeric-spacing:  ;\\\\n    --tw-numeric-fraction:  ;\\\\n    --tw-ring-inset:  ;\\\\n    --tw-ring-offset-width: 0px;\\\\n    --tw-ring-offset-color: #fff;\\\\n    --tw-ring-color: rgb(59 130 246 / 0.5);\\\\n    --tw-ring-offset-shadow: 0 0 #0000;\\\\n    --tw-ring-shadow: 0 0 #0000;\\\\n    --tw-shadow: 0 0 #0000;\\\\n    --tw-shadow-colored: 0 0 #0000;\\\\n    --tw-blur:  ;\\\\n    --tw-brightness:  ;\\\\n    --tw-contrast:  ;\\\\n    --tw-grayscale:  ;\\\\n    --tw-hue-rotate:  ;\\\\n    --tw-invert:  ;\\\\n    --tw-saturate:  ;\\\\n    --tw-sepia:  ;\\\\n    --tw-drop-shadow:  ;\\\\n    --tw-backdrop-blur:  ;\\\\n    --tw-backdrop-brightness:  ;\\\\n    --tw-backdrop-contrast:  ;\\\\n    --tw-backdrop-grayscale:  ;\\\\n    --tw-backdrop-hue-rotate:  ;\\\\n    --tw-backdrop-invert:  ;\\\\n    --tw-backdrop-opacity:  ;\\\\n    --tw-backdrop-saturate:  ;\\\\n    --tw-backdrop-sepia:  \\\\n}\\\\n::backdrop {\\\\n    --tw-border-spacing-x: 0;\\\\n    --tw-border-spacing-y: 0;\\\\n    --tw-translate-x: 0;\\\\n    --tw-translate-y: 0;\\\\n    --tw-rotate: 0;\\\\n    --tw-skew-x: 0;\\\\n    --tw-skew-y: 0;\\\\n    --tw-scale-x: 1;\\\\n    --tw-scale-y: 1;\\\\n    --tw-pan-x:  ;\\\\n    --tw-pan-y:  ;\\\\n    --tw-pinch-zoom:  ;\\\\n    --tw-scroll-snap-strictness: proximity;\\\\n    --tw-ordinal:  ;\\\\n    --tw-slashed-zero:  ;\\\\n    --tw-numeric-figure:  ;\\\\n    --tw-numeric-spacing:  ;\\\\n    --tw-numeric-fraction:  ;\\\\n    --tw-ring-inset:  ;\\\\n    --tw-ring-offset-width: 0px;\\\\n    --tw-ring-offset-color: #fff;\\\\n    --tw-ring-color: rgb(59 130 246 / 0.5);\\\\n    --tw-ring-offset-shadow: 0 0 #0000;\\\\n    --tw-ring-shadow: 0 0 #0000;\\\\n    --tw-shadow: 0 0 #0000;\\\\n    --tw-shadow-colored: 0 0 #0000;\\\\n    --tw-blur:  ;\\\\n    --tw-brightness:  ;\\\\n    --tw-contrast:  ;\\\\n    --tw-grayscale:  ;\\\\n    --tw-hue-rotate:  ;\\\\n    --tw-invert:  ;\\\\n    --tw-saturate:  ;\\\\n    --tw-sepia:  ;\\\\n    --tw-drop-shadow:  ;\\\\n    --tw-backdrop-blur:  ;\\\\n    --tw-backdrop-brightness:  ;\\\\n    --tw-backdrop-contrast:  ;\\\\n    --tw-backdrop-grayscale:  ;\\\\n    --tw-backdrop-hue-rotate:  ;\\\\n    --tw-backdrop-invert:  ;\\\\n    --tw-backdrop-opacity:  ;\\\\n    --tw-backdrop-saturate:  ;\\\\n    --tw-backdrop-sepia:  \\\\n}\\", \\"\\"]);\\n// Exports\\n/* harmony default export */ const __WEBPACK_DEFAULT_EXPORT__ = (___CSS_LOADER_EXPORT___);\\n\\n\\n//# sourceURL=webpack:///./pages/index.css?");

/***/ }),

/***/ "../../../../../node_modules/.pnpm/css-loader@6.7.1_webpack@5.74.0/node_modules/css-loader/dist/runtime/api.js":
/*!*********************************************************************************************************************!*\\
  !*** ../../../../../node_modules/.pnpm/css-loader@6.7.1_webpack@5.74.0/node_modules/css-loader/dist/runtime/api.js ***!
  \\*********************************************************************************************************************/
/***/ ((module) => {

eval("\\n\\n/*\\n  MIT License http://www.opensource.org/licenses/mit-license.php\\n  Author Tobias Koppers @sokra\\n*/\\nmodule.exports = function (cssWithMappingToString) {\\n  var list = []; // return the list of modules as css string\\n\\n  list.toString = function toString() {\\n    return this.map(function (item) {\\n      var content = \\"\\";\\n      var needLayer = typeof item[5] !== \\"undefined\\";\\n      if (item[4]) {\\n        content += \\"@supports (\\".concat(item[4], \\") {\\");\\n      }\\n      if (item[2]) {\\n        content += \\"@media \\".concat(item[2], \\" {\\");\\n      }\\n      if (needLayer) {\\n        content += \\"@layer\\".concat(item[5].length > 0 ? \\" \\".concat(item[5]) : \\"\\", \\" {\\");\\n      }\\n      content += cssWithMappingToString(item);\\n      if (needLayer) {\\n        content += \\"}\\";\\n      }\\n      if (item[2]) {\\n        content += \\"}\\";\\n      }\\n      if (item[4]) {\\n        content += \\"}\\";\\n      }\\n      return content;\\n    }).join(\\"\\");\\n  }; // import a list of modules into the list\\n\\n  list.i = function i(modules, media, dedupe, supports, layer) {\\n    if (typeof modules === \\"string\\") {\\n      modules = [[null, modules, undefined]];\\n    }\\n    var alreadyImportedModules = {};\\n    if (dedupe) {\\n      for (var k = 0; k < this.length; k++) {\\n        var id = this[k][0];\\n        if (id != null) {\\n          alreadyImportedModules[id] = true;\\n        }\\n      }\\n    }\\n    for (var _k = 0; _k < modules.length; _k++) {\\n      var item = [].concat(modules[_k]);\\n      if (dedupe && alreadyImportedModules[item[0]]) {\\n        continue;\\n      }\\n      if (typeof layer !== \\"undefined\\") {\\n        if (typeof item[5] === \\"undefined\\") {\\n          item[5] = layer;\\n        } else {\\n          item[1] = \\"@layer\\".concat(item[5].length > 0 ? \\" \\".concat(item[5]) : \\"\\", \\" {\\").concat(item[1], \\"}\\");\\n          item[5] = layer;\\n        }\\n      }\\n      if (media) {\\n        if (!item[2]) {\\n          item[2] = media;\\n        } else {\\n          item[1] = \\"@media \\".concat(item[2], \\" {\\").concat(item[1], \\"}\\");\\n          item[2] = media;\\n        }\\n      }\\n      if (supports) {\\n        if (!item[4]) {\\n          item[4] = \\"\\".concat(supports);\\n        } else {\\n          item[1] = \\"@supports (\\".concat(item[4], \\") {\\").concat(item[1], \\"}\\");\\n          item[4] = supports;\\n        }\\n      }\\n      list.push(item);\\n    }\\n  };\\n  return list;\\n};\\n\\n//# sourceURL=webpack:///../../../../../node_modules/.pnpm/css-loader@6.7.1_webpack@5.74.0/node_modules/css-loader/dist/runtime/api.js?");

/***/ }),

/***/ "../../../../../node_modules/.pnpm/css-loader@6.7.1_webpack@5.74.0/node_modules/css-loader/dist/runtime/noSourceMaps.js":
/*!******************************************************************************************************************************!*\\
  !*** ../../../../../node_modules/.pnpm/css-loader@6.7.1_webpack@5.74.0/node_modules/css-loader/dist/runtime/noSourceMaps.js ***!
  \\******************************************************************************************************************************/
/***/ ((module) => {

eval("\\n\\nmodule.exports = function (i) {\\n  return i[1];\\n};\\n\\n//# sourceURL=webpack:///../../../../../node_modules/.pnpm/css-loader@6.7.1_webpack@5.74.0/node_modules/css-loader/dist/runtime/noSourceMaps.js?");

/***/ }),

/***/ "./pages/index.jsx":
/*!*************************!*\\
  !*** ./pages/index.jsx ***!
  \\*************************/
/***/ ((__unused_webpack_module, __webpack_exports__, __webpack_require__) => {

eval("__webpack_require__.r(__webpack_exports__);\\n/* harmony export */ __webpack_require__.d(__webpack_exports__, {\\n/* harmony export */   \\"default\\": () => (__WEBPACK_DEFAULT_EXPORT__)\\n/* harmony export */ });\\n/* harmony import */ var react__WEBPACK_IMPORTED_MODULE_0__ = __webpack_require__(/*! react */ \\"react\\");\\n/* harmony import */ var react__WEBPACK_IMPORTED_MODULE_0___default = /*#__PURE__*/__webpack_require__.n(react__WEBPACK_IMPORTED_MODULE_0__);\\n/* harmony import */ var _index_css__WEBPACK_IMPORTED_MODULE_1__ = __webpack_require__(/*! ./index.css */ \\"./pages/index.css\\");\\n\\n\\nconst View = props => {\\n  return /*#__PURE__*/React.createElement(\\"div\\", props);\\n};\\nconst Index = () => {\\n  const [flag] = (0,react__WEBPACK_IMPORTED_MODULE_0__.useState)(true);\\n  return /*#__PURE__*/React.createElement(React.Fragment, null, /*#__PURE__*/React.createElement(View, {\\n    className: \\"after:border-none after:content-['Hello_World'] a\\"\\n  }, \\"after:border-none\\"), /*#__PURE__*/React.createElement(View, {\\n    className: \\"after:content-[\\\\\\"*\\\\\\"] after:ml-0.5 after:text-red-500 b\\"\\n  }, \\"yellow\\"), /*#__PURE__*/React.createElement(View, {\\n    className: \\"after:content-[*] after:ml-0.5 after:text-red-500 aspect-w-16\\"\\n  }, /*#__PURE__*/React.createElement(View, null, \\"aspect\\"), /*#__PURE__*/React.createElement(View, null, \\"w\\"), /*#__PURE__*/React.createElement(View, null, \\"16\\")), /*#__PURE__*/React.createElement(View, {\\n    className: \\"bg-gray-100 dark:bg-zinc-800 h-10 w-10\\",\\n    hoverClass: \\"bg-red-500 dark:bg-green-500\\"\\n  }), /*#__PURE__*/React.createElement(View, {\\n    className: flag ? 'p-[20px] -mt-2 mb-[-20px] ' : ''\\n  }, \\"p-[20px] -mt-2 mb-[-20px] margin\\\\u7684jit \\\\u53EF\\\\u4E0D\\\\u80FD\\\\u8FD9\\\\u4E48\\\\u5199 -m-[20px]\\"), /*#__PURE__*/React.createElement(View, {\\n    className: \\"space-y-[1.6rem] text-[16px] w-[200%]\\"\\n  }, /*#__PURE__*/React.createElement(View, {\\n    className: \\"w-[300rpx] text-black text-opacity-[0.19]\\"\\n  }, \\"w-[300rpx] text-black text-opacity-[0.19]\\"), /*#__PURE__*/React.createElement(View, {\\n    className: \\"min-w-[300rpx] max-h-[100px] text-[20px] leading-[0.9]\\"\\n  }, \\"min-w-[300rpx] max-h-[100px] text-[20px] leading-[0.9]\\"), /*#__PURE__*/React.createElement(View, {\\n    className: \\"max-w-[300rpx] min-h-[100px] text-[#dddddd]\\"\\n  }, \\"max-w-[300rpx] min-h-[100px] text-[#dddddd]\\"), /*#__PURE__*/React.createElement(View, {\\n    className: \\"flex items-center justify-center h-[100px] w-[100px] rounded-[40px] bg-[#123456] bg-opacity-[0.54] text-[#ffffff]\\"\\n  }, \\"Hello\\"), /*#__PURE__*/React.createElement(View, {\\n    className: \\"border-[10px] border-[#098765] border-solid border-opacity-[0.44]\\"\\n  }, \\"border-[10px] border-[#098765] border-solid border-opacity-[0.44]\\"), /*#__PURE__*/React.createElement(View, {\\n    className: \\"grid grid-cols-3 divide-x-[10px] divide-[#010101] divide-solid\\"\\n  }, /*#__PURE__*/React.createElement(View, null, \\"1\\"), /*#__PURE__*/React.createElement(View, null, \\"2\\"), /*#__PURE__*/React.createElement(View, null, \\"3\\")), /*#__PURE__*/React.createElement(View, {\\n    className: \\"w-32 py-2 rounded-md font-semibold text-white bg-pink-500 ring-4 ring-pink-300\\"\\n  }, \\"Default\\")), /*#__PURE__*/React.createElement(View, {\\n    className: \\"test\\"\\n  }, \\"test\\"));\\n};\\n/* harmony default export */ const __WEBPACK_DEFAULT_EXPORT__ = (Index);\\n\\n//# sourceURL=webpack:///./pages/index.jsx?");

/***/ }),

/***/ "react":
/*!************************!*\\
  !*** external "react" ***!
  \\************************/
/***/ ((module) => {

module.exports = react;

/***/ })

/******/ 	});
/************************************************************************/
/******/ 	// The module cache
/******/ 	var __webpack_module_cache__ = {};
/******/ 	
/******/ 	// The require function
/******/ 	function __webpack_require__(moduleId) {
/******/ 		// Check if module is in cache
/******/ 		var cachedModule = __webpack_module_cache__[moduleId];
/******/ 		if (cachedModule !== undefined) {
/******/ 			return cachedModule.exports;
/******/ 		}
/******/ 		// Create a new module (and put it into the cache)
/******/ 		var module = __webpack_module_cache__[moduleId] = {
/******/ 			id: moduleId,
/******/ 			// no module.loaded needed
/******/ 			exports: {}
/******/ 		};
/******/ 	
/******/ 		// Execute the module function
/******/ 		__webpack_modules__[moduleId](module, module.exports, __webpack_require__);
/******/ 	
/******/ 		// Return the exports of the module
/******/ 		return module.exports;
/******/ 	}
/******/ 	
/************************************************************************/
/******/ 	/* webpack/runtime/compat get default export */
/******/ 	(() => {
/******/ 		// getDefaultExport function for compatibility with non-harmony modules
/******/ 		__webpack_require__.n = (module) => {
/******/ 			var getter = module && module.__esModule ?
/******/ 				() => (module['default']) :
/******/ 				() => (module);
/******/ 			__webpack_require__.d(getter, { a: getter });
/******/ 			return getter;
/******/ 		};
/******/ 	})();
/******/ 	
/******/ 	/* webpack/runtime/define property getters */
/******/ 	(() => {
/******/ 		// define getter functions for harmony exports
/******/ 		__webpack_require__.d = (exports, definition) => {
/******/ 			for(var key in definition) {
/******/ 				if(__webpack_require__.o(definition, key) && !__webpack_require__.o(exports, key)) {
/******/ 					Object.defineProperty(exports, key, { enumerable: true, get: definition[key] });
/******/ 				}
/******/ 			}
/******/ 		};
/******/ 	})();
/******/ 	
/******/ 	/* webpack/runtime/hasOwnProperty shorthand */
/******/ 	(() => {
/******/ 		__webpack_require__.o = (obj, prop) => (Object.prototype.hasOwnProperty.call(obj, prop))
/******/ 	})();
/******/ 	
/******/ 	/* webpack/runtime/make namespace object */
/******/ 	(() => {
/******/ 		// define __esModule on exports
/******/ 		__webpack_require__.r = (exports) => {
/******/ 			if(typeof Symbol !== 'undefined' && Symbol.toStringTag) {
/******/ 				Object.defineProperty(exports, Symbol.toStringTag, { value: 'Module' });
/******/ 			}
/******/ 			Object.defineProperty(exports, '__esModule', { value: true });
/******/ 		};
/******/ 	})();
/******/ 	
/************************************************************************/
/******/ 	
/******/ 	// startup
/******/ 	// Load entry module and return exports
/******/ 	// This entry module can't be inlined because the eval devtool is used.
/******/ 	var __webpack_exports__ = __webpack_require__("./pages/index.jsx");
/******/ 	
/******/ })()
;",
}
`;

exports[`webpack5 jsx plugin disabled true: errors 1`] = `[]`;

exports[`webpack5 jsx plugin disabled true: warnings 1`] = `[]`;
